
Discarded input sections

 .group         0x0000000000000000        0xc Build/main.o
 .text          0x0000000000000000        0x0 Build/main.o
 .data          0x0000000000000000        0x0 Build/main.o
 .bss           0x0000000000000000        0x0 Build/main.o
 .comment       0x0000000000000000       0x34 Build/main.o
 .group         0x0000000000000000        0xc Build/gpio.o
 .group         0x0000000000000000        0xc Build/gpio.o
 .group         0x0000000000000000        0xc Build/gpio.o
 .text          0x0000000000000000        0x0 Build/gpio.o
 .data          0x0000000000000000        0x0 Build/gpio.o
 .bss           0x0000000000000000        0x0 Build/gpio.o
 .debug_macro   0x0000000000000000      0xa60 Build/gpio.o
 .comment       0x0000000000000000       0x34 Build/gpio.o
 .group         0x0000000000000000        0xc Build/timer.o
 .group         0x0000000000000000        0xc Build/timer.o
 .group         0x0000000000000000        0xc Build/timer.o
 .text          0x0000000000000000        0x0 Build/timer.o
 .data          0x0000000000000000        0x0 Build/timer.o
 .bss           0x0000000000000000        0x0 Build/timer.o
 .debug_macro   0x0000000000000000      0xa60 Build/timer.o
 .debug_macro   0x0000000000000000      0x34e Build/timer.o
 .debug_macro   0x0000000000000000      0x148 Build/timer.o
 .comment       0x0000000000000000       0x34 Build/timer.o
 .group         0x0000000000000000        0xc Build/system_stm32f1xx.o
 .group         0x0000000000000000        0xc Build/system_stm32f1xx.o
 .group         0x0000000000000000        0xc Build/system_stm32f1xx.o
 .text          0x0000000000000000        0x0 Build/system_stm32f1xx.o
 .data          0x0000000000000000        0x0 Build/system_stm32f1xx.o
 .bss           0x0000000000000000        0x0 Build/system_stm32f1xx.o
 .text.SystemCoreClockUpdate
                0x0000000000000000       0x5c Build/system_stm32f1xx.o
 .rodata.AHBPrescTable
                0x0000000000000000       0x10 Build/system_stm32f1xx.o
 .rodata.APBPrescTable
                0x0000000000000000        0x8 Build/system_stm32f1xx.o
 .debug_macro   0x0000000000000000      0xa60 Build/system_stm32f1xx.o
 .debug_macro   0x0000000000000000      0x34e Build/system_stm32f1xx.o
 .debug_macro   0x0000000000000000      0x148 Build/system_stm32f1xx.o
 .comment       0x0000000000000000       0x34 Build/system_stm32f1xx.o
 .text          0x0000000000000000        0x0 Build/startup_stm32f103xb.o
 .data          0x0000000000000000        0x0 Build/startup_stm32f103xb.o
 .bss           0x0000000000000000        0x0 Build/startup_stm32f103xb.o

Memory Configuration

Name             Origin             Length             Attributes
FLASH            0x0000000008000000 0x0000000000010000 xr
RAM              0x0000000020000000 0x0000000000005000 xrw
*default*        0x0000000000000000 0xffffffffffffffff

Linker script and memory map

LOAD Build/main.o
LOAD Build/gpio.o
LOAD Build/timer.o
LOAD Build/system_stm32f1xx.o
LOAD Build/startup_stm32f103xb.o
                0x0000000020005000                _estack = (ORIGIN (RAM) + LENGTH (RAM))

.isr_vector     0x0000000008000000      0x130
                0x0000000008000000                . = ALIGN (0x4)
 *(.isr_vector)
 .isr_vector    0x0000000008000000      0x130 Build/startup_stm32f103xb.o
                0x0000000008000130                . = ALIGN (0x4)

.text           0x0000000008000130      0x160
                0x0000000008000130                . = ALIGN (0x4)
 *(.text*)
 .text.startup.main
                0x0000000008000130        0xc Build/main.o
                0x0000000008000130                main
 .text.GPIO_Init
                0x000000000800013c       0x28 Build/gpio.o
                0x000000000800013c                GPIO_Init
 .text.TIM2_Init
                0x0000000008000164       0x68 Build/timer.o
                0x0000000008000164                TIM2_Init
 .text.SystemInit
                0x00000000080001cc       0x70 Build/system_stm32f1xx.o
                0x00000000080001cc                SystemInit
 .text.__libc_init_array
                0x000000000800023c        0x4 Build/system_stm32f1xx.o
                0x000000000800023c                __libc_init_array
 .text.Reset_Handler
                0x0000000008000240       0x4c Build/startup_stm32f103xb.o
                0x0000000008000240                Reset_Handler
 .text.Default_Handler
                0x000000000800028c        0x2 Build/startup_stm32f103xb.o
 *(.rodata*)
 *(.glue_7)
 .glue_7        0x000000000800028e        0x0 linker stubs
 *(.glue_7t)
 .glue_7t       0x000000000800028e        0x0 linker stubs
                0x0000000008000290                . = ALIGN (0x4)
 *fill*         0x000000000800028e        0x2 
                0x0000000008000290                _etext = .

.vfp11_veneer   0x0000000008000290        0x0
 .vfp11_veneer  0x0000000008000290        0x0 linker stubs

.v4_bx          0x0000000008000290        0x0
 .v4_bx         0x0000000008000290        0x0 linker stubs

.iplt           0x0000000008000290        0x0
 .iplt          0x0000000008000290        0x0 Build/main.o

.rel.dyn        0x0000000008000290        0x0
 .rel.iplt      0x0000000008000290        0x0 Build/main.o

.ARM.extab
 *(.ARM.extab*)

.ARM.exidx      0x0000000008000290        0x0
                0x0000000008000290                __exidx_start = .
 *(.ARM.exidx*)
                0x0000000008000290                __exidx_end = .
                0x0000000008000290                _sidata = LOADADDR (.data)

.data           0x0000000020000000        0x4 load address 0x0000000008000290
                0x0000000020000000                . = ALIGN (0x4)
                0x0000000020000000                _sdata = .
 *(.data*)
 .data.SystemCoreClock
                0x0000000020000000        0x4 Build/system_stm32f1xx.o
                0x0000000020000000                SystemCoreClock
                0x0000000020000004                . = ALIGN (0x4)
                0x0000000020000004                _edata = .

.igot.plt       0x0000000020000004        0x0 load address 0x0000000008000294
 .igot.plt      0x0000000020000004        0x0 Build/main.o

.bss            0x0000000020000004        0x0 load address 0x0000000008000294
                0x0000000020000004                . = ALIGN (0x4)
                0x0000000020000004                _sbss = .
 *(.bss*)
 *(COMMON)
                0x0000000020000004                . = ALIGN (0x4)
                0x0000000020000004                _ebss = .

/DISCARD/
 *(.comment)
 *(.note*)

.ARM.attributes
                0x0000000000000000       0x2b
 *(.ARM.attributes)
 .ARM.attributes
                0x0000000000000000       0x2d Build/main.o
 .ARM.attributes
                0x000000000000002d       0x2d Build/gpio.o
 .ARM.attributes
                0x000000000000005a       0x2d Build/timer.o
 .ARM.attributes
                0x0000000000000087       0x2d Build/system_stm32f1xx.o
 .ARM.attributes
                0x00000000000000b4       0x21 Build/startup_stm32f103xb.o
OUTPUT(Bin/stm32.elf elf32-littlearm)
LOAD linker stubs

.debug_info     0x0000000000000000      0x715
 .debug_info    0x0000000000000000       0x76 Build/main.o
 .debug_info    0x0000000000000076      0x1b5 Build/gpio.o
 .debug_info    0x000000000000022b      0x236 Build/timer.o
 .debug_info    0x0000000000000461      0x2b4 Build/system_stm32f1xx.o

.debug_abbrev   0x0000000000000000      0x28f
 .debug_abbrev  0x0000000000000000       0x5e Build/main.o
 .debug_abbrev  0x000000000000005e       0x8e Build/gpio.o
 .debug_abbrev  0x00000000000000ec       0x8e Build/timer.o
 .debug_abbrev  0x000000000000017a      0x115 Build/system_stm32f1xx.o

.debug_aranges  0x0000000000000000       0x90
 .debug_aranges
                0x0000000000000000       0x20 Build/main.o
 .debug_aranges
                0x0000000000000020       0x20 Build/gpio.o
 .debug_aranges
                0x0000000000000040       0x20 Build/timer.o
 .debug_aranges
                0x0000000000000060       0x30 Build/system_stm32f1xx.o

.debug_ranges   0x0000000000000000       0x50
 .debug_ranges  0x0000000000000000       0x10 Build/main.o
 .debug_ranges  0x0000000000000010       0x10 Build/gpio.o
 .debug_ranges  0x0000000000000020       0x10 Build/timer.o
 .debug_ranges  0x0000000000000030       0x20 Build/system_stm32f1xx.o

.debug_macro    0x0000000000000000      0xfbc
 .debug_macro   0x0000000000000000       0x25 Build/main.o
 .debug_macro   0x0000000000000025      0xa60 Build/main.o
 .debug_macro   0x0000000000000a85       0x33 Build/gpio.o
 .debug_macro   0x0000000000000ab8      0x34e Build/gpio.o
 .debug_macro   0x0000000000000e06      0x148 Build/gpio.o
 .debug_macro   0x0000000000000f4e       0x33 Build/timer.o
 .debug_macro   0x0000000000000f81       0x3b Build/system_stm32f1xx.o

.debug_line     0x0000000000000000      0x430
 .debug_line    0x0000000000000000       0x83 Build/main.o
 .debug_line    0x0000000000000083       0xb0 Build/gpio.o
 .debug_line    0x0000000000000133      0x126 Build/timer.o
 .debug_line    0x0000000000000259      0x1d7 Build/system_stm32f1xx.o

.debug_str      0x0000000000000000     0x3d6d
 .debug_str     0x0000000000000000     0x2c7f Build/main.o
 .debug_str     0x0000000000002c7f      0xfa5 Build/gpio.o
                                       0x3d64 (size before relaxing)
 .debug_str     0x0000000000003c24       0x47 Build/timer.o
                                       0x3d8a (size before relaxing)
 .debug_str     0x0000000000003c6b      0x102 Build/system_stm32f1xx.o
                                       0x3e37 (size before relaxing)

.debug_frame    0x0000000000000000       0xc0
 .debug_frame   0x0000000000000000       0x28 Build/main.o
 .debug_frame   0x0000000000000028       0x20 Build/gpio.o
 .debug_frame   0x0000000000000048       0x38 Build/timer.o
 .debug_frame   0x0000000000000080       0x40 Build/system_stm32f1xx.o

.debug_loc      0x0000000000000000       0x70
 .debug_loc     0x0000000000000000       0x70 Build/system_stm32f1xx.o
